// Jest Snapshot v1, https://goo.gl/fbAQLP

exports[`RatingStar component matches snapshot 1`] = `
<div>
  <div
    class="undefined"
  >
    <div
      class="undefined"
      data-testid="rating-star"
    >
      <div
        class="undefined icon-star"
        data-testid="icon"
      />
      <div
        class="undefined icon-star"
        data-testid="icon"
      />
      <div
        class="undefined icon-star"
        data-testid="icon"
      />
      <div
        class="undefined icon-star"
        data-testid="icon"
      />
      <div
        class="undefined icon-star"
        data-testid="icon"
      />
    </div>
    <p
      class=" text-"
      data-testid="text"
    >
      Sopa
    </p>
  </div>
</div>
`;
