// Jest Snapshot v1, https://goo.gl/fbAQLP

exports[`ProductDetail component matches snapshot 1`] = `
<div>
  <div
    class="detail"
    data-testid="detail"
  >
    <div
      class="loading-container"
      data-testid="loading-page"
    >
      <div
        class="circle"
      />
      <div
        class="circle"
      />
      <div
        class="circle"
      />
    </div>
  </div>
</div>
`;
