// Jest Snapshot v1, https://goo.gl/fbAQLP

exports[`ProductDetail component matches snapshot 1`] = `
<div>
  <div
    class="detail"
    data-testid="detail"
  >
    <div
      class="detail-product"
      data-testid="product-detail"
    >
      <figure
        class="detail-image"
      >
        <img
          alt="This is black shoes"
          src="/images/products/black-shoes.png"
        />
      </figure>
      <div
        class="detail-info"
      >
        <div
          class="detail-name"
        >
          <div
            class="detail-description"
          >
            <p
              class=" text-regular"
              data-testid="text"
            >
              Black shoes
            </p>
            <div
              class="detail-rating"
            >
              <div
                class="rating-star"
                data-testid="rating-star"
              >
                <svg
                  fill="none"
                  height="16"
                  viewBox="0 0 16 16"
                  width="16"
                  xmlns="http://www.w3.org/2000/svg"
                >
                  <g
                    clip-path="url(#clip0_233_6161)"
                  >
                    <path
                      d="M8.00016 1.33331L10.0602 5.50665L14.6668 6.17998L11.3335 9.42665L12.1202 14.0133L8.00016 11.8466L3.88016 14.0133L4.66683 9.42665L1.3335 6.17998L5.94016 5.50665L8.00016 1.33331Z"
                      fill="#02021D"
                      stroke="#02021D"
                      stroke-linecap="round"
                      stroke-linejoin="round"
                      stroke-width="2"
                    />
                  </g>
                  <defs>
                    <clippath
                      id="clip0_233_6161"
                    >
                      <rect
                        fill="white"
                        height="16"
                        width="16"
                      />
                    </clippath>
                  </defs>
                </svg>
                <svg
                  fill="none"
                  height="16"
                  viewBox="0 0 16 16"
                  width="16"
                  xmlns="http://www.w3.org/2000/svg"
                >
                  <g
                    clip-path="url(#clip0_233_6161)"
                  >
                    <path
                      d="M8.00016 1.33331L10.0602 5.50665L14.6668 6.17998L11.3335 9.42665L12.1202 14.0133L8.00016 11.8466L3.88016 14.0133L4.66683 9.42665L1.3335 6.17998L5.94016 5.50665L8.00016 1.33331Z"
                      fill="#02021D"
                      stroke="#02021D"
                      stroke-linecap="round"
                      stroke-linejoin="round"
                      stroke-width="2"
                    />
                  </g>
                  <defs>
                    <clippath
                      id="clip0_233_6161"
                    >
                      <rect
                        fill="white"
                        height="16"
                        width="16"
                      />
                    </clippath>
                  </defs>
                </svg>
                <svg
                  fill="none"
                  height="16"
                  viewBox="0 0 16 16"
                  width="16"
                  xmlns="http://www.w3.org/2000/svg"
                >
                  <g
                    clip-path="url(#clip0_233_6161)"
                  >
                    <path
                      d="M8.00016 1.33331L10.0602 5.50665L14.6668 6.17998L11.3335 9.42665L12.1202 14.0133L8.00016 11.8466L3.88016 14.0133L4.66683 9.42665L1.3335 6.17998L5.94016 5.50665L8.00016 1.33331Z"
                      fill="#02021D"
                      stroke="#02021D"
                      stroke-linecap="round"
                      stroke-linejoin="round"
                      stroke-width="2"
                    />
                  </g>
                  <defs>
                    <clippath
                      id="clip0_233_6161"
                    >
                      <rect
                        fill="white"
                        height="16"
                        width="16"
                      />
                    </clippath>
                  </defs>
                </svg>
                <svg
                  fill="none"
                  height="16"
                  viewBox="0 0 16 16"
                  width="16"
                  xmlns="http://www.w3.org/2000/svg"
                >
                  <g
                    clip-path="url(#clip0_233_6161)"
                  >
                    <path
                      d="M8.00016 1.33331L10.0602 5.50665L14.6668 6.17998L11.3335 9.42665L12.1202 14.0133L8.00016 11.8466L3.88016 14.0133L4.66683 9.42665L1.3335 6.17998L5.94016 5.50665L8.00016 1.33331Z"
                      fill="#02021D"
                      stroke="#02021D"
                      stroke-linecap="round"
                      stroke-linejoin="round"
                      stroke-width="2"
                    />
                  </g>
                  <defs>
                    <clippath
                      id="clip0_233_6161"
                    >
                      <rect
                        fill="white"
                        height="16"
                        width="16"
                      />
                    </clippath>
                  </defs>
                </svg>
                <svg
                  fill="none"
                  height="16"
                  viewBox="0 0 16 16"
                  width="16"
                  xmlns="http://www.w3.org/2000/svg"
                >
                  <g
                    clip-path="url(#clip0_233_6161)"
                  >
                    <path
                      d="M8.00016 1.33331L10.0602 5.50665L14.6668 6.17998L11.3335 9.42665L12.1202 14.0133L8.00016 11.8466L3.88016 14.0133L4.66683 9.42665L1.3335 6.17998L5.94016 5.50665L8.00016 1.33331Z"
                      fill="#02021D"
                      stroke="#02021D"
                      stroke-linecap="round"
                      stroke-linejoin="round"
                      stroke-width="2"
                    />
                  </g>
                  <defs>
                    <clippath
                      id="clip0_233_6161"
                    >
                      <rect
                        fill="white"
                        height="16"
                        width="16"
                      />
                    </clippath>
                  </defs>
                </svg>
              </div>
              <p
                class=" text-normal"
                data-testid="text"
              >
                4.7(3205)
              </p>
            </div>
          </div>
          <p
            class=" price-tertiary"
            data-testid="price"
          >
            $
            87
          </p>
        </div>
        <p
          class=" text-extra-regular"
          data-testid="text"
        >
          Color: Black
        </p>
        <div
          class="detail-size"
        >
          <p
            class="detail-text-size text-extra-regular"
            data-testid="text"
          >
            Size
          </p>
          <div
            class=" custom-dropdown"
            data-testid="dropdown"
          >
            <p
              class="dropdown-label text-"
              data-testid="text"
            >
              Large
            </p>
          </div>
        </div>
        <button
          aria-label="Add to bag"
          class="detail-btn btn btn-secondary"
          data-testid="button"
        >
          Add to bag $87
        </button>
        <p
          class="detail-description text-"
          data-testid="text"
        >
          Our goal in designing the super-soft Atoms Crew Socks was to provide a seamless match with your Atoms shoes, enhancing your comfort for everyday wear - making them the perfect socks for your everyday shoes.
        </p>
      </div>
    </div>
    <div
      class="rating"
      data-testid="rating"
    >
      <p
        class=" text-extra-medium"
        data-testid="text"
      >
        Ratings and Reviews
      </p>
      <p
        class="rating-info text-regular"
        data-testid="text"
      >
        An overwhelming 97% of reviewers have endorsed this product, recommending it wholeheartedly to their friends and family.
      </p>
      <p
        class="rating-point text-large"
        data-testid="text"
      >
        4.7
      </p>
      <div
        class="rating-review"
      >
        <div
          class="rating-vote"
          data-testid="rating-star"
        >
          <svg
            fill="none"
            height="16"
            viewBox="0 0 16 16"
            width="16"
            xmlns="http://www.w3.org/2000/svg"
          >
            <g
              clip-path="url(#clip0_233_6161)"
            >
              <path
                d="M8.00016 1.33331L10.0602 5.50665L14.6668 6.17998L11.3335 9.42665L12.1202 14.0133L8.00016 11.8466L3.88016 14.0133L4.66683 9.42665L1.3335 6.17998L5.94016 5.50665L8.00016 1.33331Z"
                fill="#02021D"
                stroke="#02021D"
                stroke-linecap="round"
                stroke-linejoin="round"
                stroke-width="2"
              />
            </g>
            <defs>
              <clippath
                id="clip0_233_6161"
              >
                <rect
                  fill="white"
                  height="16"
                  width="16"
                />
              </clippath>
            </defs>
          </svg>
          <svg
            fill="none"
            height="16"
            viewBox="0 0 16 16"
            width="16"
            xmlns="http://www.w3.org/2000/svg"
          >
            <g
              clip-path="url(#clip0_233_6161)"
            >
              <path
                d="M8.00016 1.33331L10.0602 5.50665L14.6668 6.17998L11.3335 9.42665L12.1202 14.0133L8.00016 11.8466L3.88016 14.0133L4.66683 9.42665L1.3335 6.17998L5.94016 5.50665L8.00016 1.33331Z"
                fill="#02021D"
                stroke="#02021D"
                stroke-linecap="round"
                stroke-linejoin="round"
                stroke-width="2"
              />
            </g>
            <defs>
              <clippath
                id="clip0_233_6161"
              >
                <rect
                  fill="white"
                  height="16"
                  width="16"
                />
              </clippath>
            </defs>
          </svg>
          <svg
            fill="none"
            height="16"
            viewBox="0 0 16 16"
            width="16"
            xmlns="http://www.w3.org/2000/svg"
          >
            <g
              clip-path="url(#clip0_233_6161)"
            >
              <path
                d="M8.00016 1.33331L10.0602 5.50665L14.6668 6.17998L11.3335 9.42665L12.1202 14.0133L8.00016 11.8466L3.88016 14.0133L4.66683 9.42665L1.3335 6.17998L5.94016 5.50665L8.00016 1.33331Z"
                fill="#02021D"
                stroke="#02021D"
                stroke-linecap="round"
                stroke-linejoin="round"
                stroke-width="2"
              />
            </g>
            <defs>
              <clippath
                id="clip0_233_6161"
              >
                <rect
                  fill="white"
                  height="16"
                  width="16"
                />
              </clippath>
            </defs>
          </svg>
          <svg
            fill="none"
            height="16"
            viewBox="0 0 16 16"
            width="16"
            xmlns="http://www.w3.org/2000/svg"
          >
            <g
              clip-path="url(#clip0_233_6161)"
            >
              <path
                d="M8.00016 1.33331L10.0602 5.50665L14.6668 6.17998L11.3335 9.42665L12.1202 14.0133L8.00016 11.8466L3.88016 14.0133L4.66683 9.42665L1.3335 6.17998L5.94016 5.50665L8.00016 1.33331Z"
                fill="#02021D"
                stroke="#02021D"
                stroke-linecap="round"
                stroke-linejoin="round"
                stroke-width="2"
              />
            </g>
            <defs>
              <clippath
                id="clip0_233_6161"
              >
                <rect
                  fill="white"
                  height="16"
                  width="16"
                />
              </clippath>
            </defs>
          </svg>
          <svg
            fill="none"
            height="16"
            viewBox="0 0 16 16"
            width="16"
            xmlns="http://www.w3.org/2000/svg"
          >
            <g
              clip-path="url(#clip0_233_6161)"
            >
              <path
                d="M8.00016 1.33331L10.0602 5.50665L14.6668 6.17998L11.3335 9.42665L12.1202 14.0133L8.00016 11.8466L3.88016 14.0133L4.66683 9.42665L1.3335 6.17998L5.94016 5.50665L8.00016 1.33331Z"
                fill="#02021D"
                stroke="#02021D"
                stroke-linecap="round"
                stroke-linejoin="round"
                stroke-width="2"
              />
            </g>
            <defs>
              <clippath
                id="clip0_233_6161"
              >
                <rect
                  fill="white"
                  height="16"
                  width="16"
                />
              </clippath>
            </defs>
          </svg>
        </div>
        <p
          class=" text-normal"
          data-testid="text"
        >
          Based on 3,205 reviews
        </p>
      </div>
      <hr />
    </div>
  </div>
</div>
`;
