// Jest Snapshot v1, https://goo.gl/fbAQLP

exports[`Logout component matches snapshot 1`] = `
<DocumentFragment>
  <div
    data-testid="logout"
  >
    <button
      class="btn btn-icon-primary btn-icon-primary"
      data-testid="button"
    >
      <div
        class="icon icon-user icon-user"
        data-testid="icon"
      />
    </button>
  </div>
</DocumentFragment>
`;
