// Jest Snapshot v1, https://goo.gl/fbAQLP

exports[`App component matches snapshot 1`] = `
<DocumentFragment>
  <header
    class="header"
    data-testid="header"
  >
    <nav
      class="nav"
      data-testid="navigation-bar"
    >
      <a
        href="/"
      />
      <a
        data-testid="logo"
        href="/"
      >
        <img
          alt="This is logo"
          class=""
        />
      </a>
      <div
        class="nav__about"
      >
        <div
          class="menu"
          data-testid="menu"
        >
          <ul
            class="menu__list"
          >
            <li
              class="menu__item"
              data-testid="menu-item"
            >
              <a
                href="/products"
              >
                Shop
              </a>
            </li>
            <li
              class="menu__item"
            >
              <a
                href="/"
              >
                Orders
              </a>
            </li>
            <li
              class="menu__item"
            >
              <a
                href="/"
              >
                Cart
              </a>
            </li>
            <li
              class="menu__item"
            >
              <a
                href="/"
              >
                Contact
              </a>
            </li>
          </ul>
        </div>
        <button
          class="btn btn--light"
        >
          Sign Up
        </button>
        <button
          class="btn btn__outline--light"
        >
          Login
        </button>
      </div>
    </nav>
    <div
      class="header__info"
    >
      <p
        class="text--blur"
        data-testid="text"
      >
        Lorem ipsum dolor sit
      </p>
      <h1
        class="header__title"
      >
        Lorem ipsum dolor sit amet, consectetur adipiscing elit.
      </h1>
      <button
        class="btn btn--large"
      >
        Sign Up
      </button>
    </div>
    <figure>
      <img
        alt="This is background green color"
        class="header__images--right"
      />
      <img
        alt="This is background basket-full"
        class="header__images--basket"
      />
      <img
        alt="This is background top-view"
        class="header__images--top-view"
      />
    </figure>
  </header>
  <div
    class="categories"
    data-testid="categories"
  >
    <p
      class="categories__title"
    >
      Categories
    </p>
    <div
      class="categoryList__row"
      data-testid="category-list"
    />
  </div>
  <div
    class="cardOffersList"
    data-testid="card-product-offer"
  >
    <div
      class="cardOffersList__title"
    >
      <p
        class="text--large"
        data-testid="text"
      >
        Offers
      </p>
    </div>
    <div
      class="card__item--offers"
    />
  </div>
  <div
    class="cardProductSellingList"
    data-testid="card-product-selling"
  >
    <div
      class="cardProductSelling__title"
    >
      <p
        class="text--large"
        data-testid="text"
      >
        Best Selling Products
      </p>
    </div>
    <div
      class="card__item--selling"
    />
  </div>
  <div
    class="cardPopularList"
    data-testid="card-product-popular"
  >
    <div
      class="cardPopular__title"
    >
      <p
        class="text--large-dark"
        data-testid="text"
      >
        Popular Products
      </p>
    </div>
    <div
      class="card__item--popular"
    />
  </div>
  <section
    class="section__signUp"
    data-testid="signUp-section"
  >
    <figure>
      <img
        alt="This is image vegetables-fruits"
      />
    </figure>
    <div
      class="section__content"
    >
      <p
        class="text--medium"
        data-testid="text"
      >
        Lorem ipsum dolor sit amet, consectetur adipiscing elit.
      </p>
      <div
        class="section__info"
      >
        <p
          class="text--normal"
          data-testid="text"
        >
          Subscribe to get 10% Discount and promotion
        </p>
      </div>
      <div
        class="section__address"
      >
        <input
          class="input input__value"
          data-testid="input-value"
          placeholder="Email address"
          type="text"
        />
        <button
          class="btn btn--large"
        >
          Sign Up
        </button>
      </div>
    </div>
  </section>
  <footer
    class="footer"
    data-testid="footer"
  >
    <div
      class="footer__info"
    >
      <div
        class="footer__contact"
      >
        <div
          class="footer__item"
        >
          <p
            class="footer__title"
          >
            Services
          </p>
          <div
            class="contact"
            data-testid="contact"
          >
            <ul
              class="contact__list"
            >
              <li
                class="contact__item"
              >
                <a
                  href="/"
                >
                  Email Marketing
                </a>
              </li>
              <li
                class="contact__item"
              >
                <a
                  href="/"
                >
                  Campaigns
                </a>
              </li>
              <li
                class="contact__item"
              >
                <a
                  href="/"
                >
                  Branding
                </a>
              </li>
              <li
                class="contact__item"
              >
                <a
                  href="/"
                >
                  Offline
                </a>
              </li>
            </ul>
          </div>
        </div>
        <div
          class="footer__item"
        >
          <p
            class="footer__title"
          >
            About
          </p>
          <div
            class="contact"
            data-testid="contact"
          >
            <ul
              class="contact__list"
            >
              <li
                class="contact__item"
              >
                <a
                  href="/"
                >
                  Our Story
                </a>
              </li>
              <li
                class="contact__item"
              >
                <a
                  href="/"
                >
                  Benefits
                </a>
              </li>
              <li
                class="contact__item"
              >
                <a
                  href="/"
                >
                  Team
                </a>
              </li>
              <li
                class="contact__item"
              >
                <a
                  href="/"
                >
                  Careers
                </a>
              </li>
            </ul>
          </div>
        </div>
        <div
          class="footer__item"
        >
          <p
            class="footer__title"
          >
            Help
          </p>
          <div
            class="contact"
            data-testid="contact"
          >
            <ul
              class="contact__list"
            >
              <li
                class="contact__item"
              >
                <a
                  href="/"
                >
                  FAQs
                </a>
              </li>
              <li
                class="contact__item"
              >
                <a
                  href="/"
                >
                  Contact Us
                </a>
              </li>
            </ul>
          </div>
        </div>
      </div>
      <div
        class="footer__about"
      >
        <p
          class="footer__service"
        >
          Terms & Conditions
        </p>
        <p
          class="footer__service"
        >
          Privacy Policy
        </p>
      </div>
    </div>
    <div
      class="footer__social"
    >
      <a
        data-testid="logo"
        href="/"
      >
        <img
          alt="This is logo"
          class="logo--large"
        />
      </a>
      <div
        class="icon__list"
        data-testid="icon-link"
      >
        <a
          class="icon__item"
          href="https://vi-vn.facebook.com/"
          title="Facebook"
        >
          <i
            class="icon-fb"
            data-testid="icon"
          />
        </a>
        <a
          class="icon__item"
          href="https://twitter.com/"
          title="Twitter"
        >
          <i
            class="icon-twitter"
            data-testid="icon"
          />
        </a>
        <a
          class="icon__item"
          href="https://www.instagram.com/"
          title="Instagram"
        >
          <i
            class="icon-instagram"
            data-testid="icon"
          />
        </a>
      </div>
    </div>
  </footer>
</DocumentFragment>
`;
