// Jest Snapshot v1, https://goo.gl/fbAQLP

exports[`Image component matches snapshot 1`] = `
<div>
  <a
    aria-label="link to home page"
    data-testid="image-link"
    href="/"
  >
    <img
      alt=""
      class=""
      height="30"
      sizes=""
      src="/images/logos/black-logo.svg"
      width="30"
    />
  </a>
</div>
`;
