// Jest Snapshot v1, https://goo.gl/fbAQLP

exports[`Menu component Matches snapshot 1`] = `
<div>
  <div
    data-testid="menu"
  >
    <ul>
      <li>
        <a
          href="/"
        >
          Research
        </a>
      </li>
      <li>
        <a
          href="/"
        >
          Best practice
        </a>
      </li>
      <li>
        <a
          href="/"
        >
          Commentary
        </a>
      </li>
      <li>
        <a
          href="/"
        >
          Reviews
        </a>
      </li>
    </ul>
  </div>
</div>
`;
