// Jest Snapshot v1, https://goo.gl/fbAQLP

exports[`Dropdown component matches snapshot 1`] = `
<DocumentFragment>
  <div
    class="custom-dropdown"
    data-testid="dropdown"
  >
    <select
      class="dropdown"
    >
      <option
        class="option"
        value="Small"
      >
        Small
      </option>
      <option
        class="option"
        value="Medium"
      >
        Medium
      </option>
      <option
        class="option"
        value="Large"
      >
        Large
      </option>
      s
    </select>
  </div>
</DocumentFragment>
`;
