// Jest Snapshot v1, https://goo.gl/fbAQLP

exports[`Dropdown component matches snapshot 1`] = `
<DocumentFragment>
  <div
    class=" custom-dropdown"
    data-testid="dropdown"
  >
    <input
      id="my-dropdown"
      name="my-checkbox"
      type="checkbox"
      value=""
    />
    <label
      class="dropdown-label"
      data-toggle="dropdown"
      for="my-dropdown"
    />
    <ul
      class="dropdown-list"
    >
      <li
        class="dropdown-option"
        value="Small"
      >
        Small
      </li>
      <li
        class="dropdown-option"
        value="Medium"
      >
        Medium
      </li>
      <li
        class="dropdown-option"
        value="Large"
      >
        Large
      </li>
    </ul>
  </div>
</DocumentFragment>
`;
