// Jest Snapshot v1, https://goo.gl/fbAQLP

exports[`RatingStar component matches snapshot 1`] = `
<div>
  <div
    class="undefined"
  >
    <div
      class="undefined"
      data-testid="rating-star"
    >
      <svg
        fill="none"
        height="16"
        viewBox="0 0 16 16"
        width="16"
        xmlns="http://www.w3.org/2000/svg"
      >
        <g
          clip-path="url(#clip0_233_6161)"
        >
          <path
            d="M8.00016 1.33331L10.0602 5.50665L14.6668 6.17998L11.3335 9.42665L12.1202 14.0133L8.00016 11.8466L3.88016 14.0133L4.66683 9.42665L1.3335 6.17998L5.94016 5.50665L8.00016 1.33331Z"
            fill="#02021D"
            stroke="#02021D"
            stroke-linecap="round"
            stroke-linejoin="round"
            stroke-width="2"
          />
        </g>
        <defs>
          <clippath
            id="clip0_233_6161"
          >
            <rect
              fill="white"
              height="16"
              width="16"
            />
          </clippath>
        </defs>
      </svg>
      <svg
        fill="none"
        height="16"
        viewBox="0 0 16 16"
        width="16"
        xmlns="http://www.w3.org/2000/svg"
      >
        <g
          clip-path="url(#clip0_233_6161)"
        >
          <path
            d="M8.00016 1.33331L10.0602 5.50665L14.6668 6.17998L11.3335 9.42665L12.1202 14.0133L8.00016 11.8466L3.88016 14.0133L4.66683 9.42665L1.3335 6.17998L5.94016 5.50665L8.00016 1.33331Z"
            fill="#02021D"
            stroke="#02021D"
            stroke-linecap="round"
            stroke-linejoin="round"
            stroke-width="2"
          />
        </g>
        <defs>
          <clippath
            id="clip0_233_6161"
          >
            <rect
              fill="white"
              height="16"
              width="16"
            />
          </clippath>
        </defs>
      </svg>
      <svg
        fill="none"
        height="16"
        viewBox="0 0 16 16"
        width="16"
        xmlns="http://www.w3.org/2000/svg"
      >
        <g
          clip-path="url(#clip0_233_6161)"
        >
          <path
            d="M8.00016 1.33331L10.0602 5.50665L14.6668 6.17998L11.3335 9.42665L12.1202 14.0133L8.00016 11.8466L3.88016 14.0133L4.66683 9.42665L1.3335 6.17998L5.94016 5.50665L8.00016 1.33331Z"
            fill="#02021D"
            stroke="#02021D"
            stroke-linecap="round"
            stroke-linejoin="round"
            stroke-width="2"
          />
        </g>
        <defs>
          <clippath
            id="clip0_233_6161"
          >
            <rect
              fill="white"
              height="16"
              width="16"
            />
          </clippath>
        </defs>
      </svg>
      <svg
        fill="none"
        height="16"
        viewBox="0 0 16 16"
        width="16"
        xmlns="http://www.w3.org/2000/svg"
      >
        <g
          clip-path="url(#clip0_233_6161)"
        >
          <path
            d="M8.00016 1.33331L10.0602 5.50665L14.6668 6.17998L11.3335 9.42665L12.1202 14.0133L8.00016 11.8466L3.88016 14.0133L4.66683 9.42665L1.3335 6.17998L5.94016 5.50665L8.00016 1.33331Z"
            fill="#02021D"
            stroke="#02021D"
            stroke-linecap="round"
            stroke-linejoin="round"
            stroke-width="2"
          />
        </g>
        <defs>
          <clippath
            id="clip0_233_6161"
          >
            <rect
              fill="white"
              height="16"
              width="16"
            />
          </clippath>
        </defs>
      </svg>
      <svg
        fill="none"
        height="16"
        viewBox="0 0 16 16"
        width="16"
        xmlns="http://www.w3.org/2000/svg"
      >
        <g
          clip-path="url(#clip0_233_6161)"
        >
          <path
            d="M8.00016 1.33331L10.0602 5.50665L14.6668 6.17998L11.3335 9.42665L12.1202 14.0133L8.00016 11.8466L3.88016 14.0133L4.66683 9.42665L1.3335 6.17998L5.94016 5.50665L8.00016 1.33331Z"
            fill="#02021D"
            stroke="#02021D"
            stroke-linecap="round"
            stroke-linejoin="round"
            stroke-width="2"
          />
        </g>
        <defs>
          <clippath
            id="clip0_233_6161"
          >
            <rect
              fill="white"
              height="16"
              width="16"
            />
          </clippath>
        </defs>
      </svg>
    </div>
    <p
      class=" text-"
      data-testid="text"
    >
      Sopa
    </p>
  </div>
</div>
`;
