// Jest Snapshot v1, https://goo.gl/fbAQLP

exports[`Layout component Matches snapshot 1`] = `
<div>
  <main
    data-testid="layout"
  >
    <header
      data-testid="header"
    >
      <div>
        <div
          data-testid="menu"
        >
          <ul>
            <li>
              <a
                href="/expert-panel"
              >
                Our Experts
              </a>
            </li>
            <li>
              <a
                href="/about-us"
              >
                About
              </a>
            </li>
          </ul>
        </div>
      </div>
    </header>
    <footer
      data-testid="footer"
    >
      <div
        data-testid="menu"
      >
        <ul>
          <li>
            <a
              href="/expert-panel"
            >
              Our Experts
            </a>
          </li>
          <li>
            <a
              href="/about-us"
            >
              About
            </a>
          </li>
        </ul>
      </div>
      <div>
        <div
          data-testid="menu"
        >
          <ul>
            <li>
              <a
                href="/"
              >
                Privacy policy
              </a>
            </li>
            <li>
              <a
                href="/"
              >
                Terms of service
              </a>
            </li>
            <li>
              <a
                href="/"
              >
                Advertise
              </a>
            </li>
          </ul>
        </div>
        <p>
          Copyright © 2022 Dealer Marketing Magazine
        </p>
      </div>
    </footer>
  </main>
</div>
`;
